Compiling lib\main.dart for the Web...                          
flutter : Wasm dry run findings:
Au caractère Ligne:1 : 1
+ flutter build web --release > 
build_output.txt 2>&1
+ ~~~~~~~~~~~~~~~~~~~~~~~~~~~~~~~~~~~~~~~~~~~~~
~~~~~~
    + CategoryInfo          : NotSpecified: (W 
   asm dry run findings::String) [], RemoteEx  
  ception
    + FullyQualifiedErrorId : NativeCommandErr 
   or
 
Found incompatibilities with WebAssembly.

package:flutter_secure_storage_web/flutter_secu
re_storage_web.dart 5:1 - dart:html 
unsupported (0)
package:flutter_secure_storage_web/src/subtle.d
art 21:1 - dart:html unsupported (0)
package:js/js.dart 10:1 - dart:js unsupported 
(1)
package:flutter_secure_storage_web/flutter_secu
re_storage_web.dart 6:1 - JS interop library 
'dart:js_util' can't be imported when 
compiling to Wasm. (2)
package:flutter_secure_storage_web/src/subtle.d
art 22:1 - JS interop library 'dart:js_util' 
can't be imported when compiling to Wasm. (2)
package:flutter_secure_storage_web/src/subtle.d
art 26:1 - JS interop library 
'package:js/js.dart' can't be imported when 
compiling to Wasm. (2)
file:///C:/Users/Utilisateur/AppData/Local/Pub/
Cache/hosted/pub.dev/image-4.5.4/lib/src/exif/i
fd_directory.dart 174:26 - 
avoid_double_and_int_checks lint violation: 
Explicit check for double or int. (13)
file:///C:/Users/Utilisateur/AppData/Local/Pub/
Cache/hosted/pub.dev/image-4.5.4/lib/src/exif/i
fd_directory.dart 183:26 - 
avoid_double_and_int_checks lint violation: 
Explicit check for double or int. (13)

Consider addressing these issues to enable 
wasm builds. See docs for more info: https://do
cs.flutter.dev/platform-integration/web/wasm

Use --no-wasm-dry-run to disable these 
warnings.
Target dart2js failed: ProcessException: 
Process exited abnormally with exit code 1:
lib/features/corporate/presentation/screens/cor
porate_dashboard_screen.dart:913:8:
Error: '_showAuditLog' is already declared in 
this scope.
  void _showAuditLog() {
       ^^^^^^^^^^^^^
lib/features/corporate/presentation/screens/cor
porate_dashboard_screen.dart:809:8:
Info: Previous declaration of '_showAuditLog'.
  void _showAuditLog() {
       ^^^^^^^^^^^^^
lib/features/merchant/presentation/screens/merc
hant_dashboard_screen.dart:5:1:
Error: 'Order' is imported from both 'package:c
loud_firestore_platform_interface/src/platform_
interface/platform_interface_index_definitions.
dart' and 'package:tontetic/core/providers/merc
hant_account_provider.dart'.
import 'package:tontetic/core/providers/merchan
t_account_provider.dart';
^^^^^
lib/main.dart:65:11:
Error: Undefined name 'StripeService'.
    await StripeService.initialize();
          ^^^^^^^^^^^^^
lib/features/tontine/presentation/screens/circl
e_details_screen.dart:254:54:
Error: The getter 'fullName' isn't defined for 
the type 'UserState'.
 - 'UserState' is from 'package:tontetic/core/p
roviders/user_provider.dart' 
('lib/core/providers/user_provider.dart').
                  'userName': 
ref.read(userProvider).fullName ?? 
user.displayName ?? 'Utilisateur',
                                               
      ^^^^^^^^
Error: Compilation failed.
  Command: 
C:\src\flutter\bin\cache\dart-sdk\bin\dart.exe 
compile js --platform-binaries=C:\src\flutter\b
in\cache\flutter_web_sdk\kernel 
--invoker=flutter_tool -Ddart.vm.product=true 
-DFLUTTER_VERSION=3.38.5 
-DFLUTTER_CHANNEL=stable -DFLUTTER_GIT_URL=http
s://github.com/flutter/flutter.git 
-DFLUTTER_FRAMEWORK_REVISION=f6ff1529fd 
-DFLUTTER_ENGINE_REVISION=1527ae0ec5 
-DFLUTTER_DART_VERSION=3.10.4 
-DFLUTTER_WEB_USE_SKIA=true 
-DFLUTTER_WEB_USE_SKWASM=false -DFLUTTER_WEB_CA
NVASKIT_URL=https://www.gstatic.com/flutter-can
vaskit/1527ae0ec577a4ef50e65f6fefcfc1326707d9bf
/ --native-null-assertions --no-source-maps 
-O4 --minify -o C:\Users\Utilisateur\.gemini\an
tigravity\scratch\tontine_ethique\.dart_tool\fl
utter_build\608a122406faabdd64ce85cd84afa2f4\ap
p.dill --packages=C:\Users\Utilisateur\.gemini\
antigravity\scratch\tontine_ethique\.dart_tool\
package_config.json --cfe-only C:\Users\Utilisa
teur\.gemini\antigravity\scratch\tontine_ethiqu
e\.dart_tool\flutter_build\608a122406faabdd64ce
85cd84afa2f4\main.dart
#0      RunResult.throwException (package:flutt
er_tools/src/base/process.dart:153:5)
#1      _DefaultProcessUtils.run (package:flutt
er_tools/src/base/process.dart:379:19)
<asynchronous suspension>
#2      Dart2JSTarget.build (package:flutter_to
ols/src/build_system/targets/web.dart:207:5)
<asynchronous suspension>
#3      _BuildInstance._invokeInternal (package
:flutter_tools/src/build_system/build_system.da
rt:895:9)
<asynchronous suspension>
#4      Future.wait.<anonymous closure> 
(dart:async/future.dart:546:21)
<asynchronous suspension>
#5      _BuildInstance.invokeTarget (package:fl
utter_tools/src/build_system/build_system.dart:
833:32)
<asynchronous suspension>
#6      Future.wait.<anonymous closure> 
(dart:async/future.dart:546:21)
<asynchronous suspension>
#7      _BuildInstance.invokeTarget (package:fl
utter_tools/src/build_system/build_system.dart:
833:32)
<asynchronous suspension>
#8      FlutterBuildSystem.build (package:flutt
er_tools/src/build_system/build_system.dart:653
:16)
<asynchronous suspension>
#9      WebBuilder.buildWeb (package:flutter_to
ols/src/web/compile.dart:94:34)
<asynchronous suspension>
#10     BuildWebCommand.runCommand (package:flu
tter_tools/src/commands/build_web.dart:296:5)
<asynchronous suspension>
#11     FlutterCommand.run.<anonymous closure> 
(package:flutter_tools/src/runner/flutter_comma
nd.dart:1559:27)
<asynchronous suspension>
#12     AppContext.run.<anonymous closure> (pac
kage:flutter_tools/src/base/context.dart:154:19
)
<asynchronous suspension>
#13     CommandRunner.runCommand 
(package:args/command_runner.dart:212:13)
<asynchronous suspension>
#14     
FlutterCommandRunner.runCommand.<anonymous 
closure> (package:flutter_tools/src/runner/flut
ter_command_runner.dart:487:9)
<asynchronous suspension>
#15     AppContext.run.<anonymous closure> (pac
kage:flutter_tools/src/base/context.dart:154:19
)
<asynchronous suspension>
#16     FlutterCommandRunner.runCommand (packag
e:flutter_tools/src/runner/flutter_command_runn
er.dart:422:5)
<asynchronous suspension>
#17     run.<anonymous closure>.<anonymous 
closure> 
(package:flutter_tools/runner.dart:104:11)
<asynchronous suspension>
#18     AppContext.run.<anonymous closure> (pac
kage:flutter_tools/src/base/context.dart:154:19
)
<asynchronous suspension>
#19     main 
(package:flutter_tools/executable.dart:103:3)
<asynchronous suspension>

Compiling lib\main.dart for the Web...                            160,4s
Error: Failed to compile application for the 
Web.
