Analyzing tontine_ethique...                                    

   info - Use interpolation to compose strings and values - lib\core\security\message_encryption.dart:40:12 - prefer_interpolation_to_compose_strings
   info - The constant name 'MAX_CIRCLES_LOW_SCORE' isn't a lowerCamelCase identifier - lib\core\security\security_service.dart:58:20 - constant_identifier_names
   info - The constant name 'MIN_HONOR_THRESHOLD' isn't a lowerCamelCase identifier - lib\core\security\security_service.dart:59:20 - constant_identifier_names
   info - The constant name 'HONOR_SCORE_LATE_PAYMENT' isn't a lowerCamelCase identifier - lib\core\security\security_service.dart:60:20 - constant_identifier_names
warning - The value of the local variable 'security' isn't used - lib\core\security\security_widgets.dart:91:11 - unused_local_variable
   info - 'groupValue' is deprecated and shouldn't be used. Use a RadioGroup ancestor to manage group value instead. This feature was deprecated after v3.32.0-0.0.pre - lib\core\security\security_widgets.dart:382:15 - deprecated_member_use
   info - 'onChanged' is deprecated and shouldn't be used. Use RadioGroup to handle value change instead. This feature was deprecated after v3.32.0-0.0.pre - lib\core\security\security_widgets.dart:383:15 - deprecated_member_use
warning - The '!' will have no effect because the receiver can't be null - lib\core\services\gemini_service.dart:70:36 - unnecessary_non_null_assertion
   info - Don't invoke 'print' in production code - lib\core\services\voice_service.dart:19:5 - avoid_print
   info - Don't invoke 'print' in production code - lib\core\services\voice_service.dart:26:5 - avoid_print
   info - Don't invoke 'print' in production code - lib\core\services\voice_service.dart:48:5 - avoid_print
  error - The function 'Provider' isn't defined - lib\core\services\voice_service.dart:52:30 - undefined_function
warning - The value of the field '_baseUrl' isn't used - lib\core\services\wave_service.dart:13:23 - unused_field
   info - Unnecessary use of string interpolation - lib\features\admin\data\transparency_pdf_generator.dart:279:52 - unnecessary_string_interpolations
warning - Unused import: 'package:tontetic/core/theme/app_theme.dart' - lib\features\admin\presentation\screens\moderation_panel_screen.dart:3:8 - unused_import
  error - The getter 'primaryReason' isn't defined for the type 'ModerationCase' - lib\features\admin\presentation\screens\moderation_panel_screen.dart:134:42 - undefined_getter
   info - Unnecessary use of string interpolation - lib\features\admin\presentation\screens\report_archive_screen.dart:325:53 - unnecessary_string_interpolations
   info - Don't use 'BuildContext's across async gaps - lib\features\admin\presentation\screens\report_archive_screen.dart:482:26 - use_build_context_synchronously
   info - Don't use 'BuildContext's across async gaps - lib\features\admin\presentation\screens\report_archive_screen.dart:497:30 - use_build_context_synchronously
   info - Don't use 'BuildContext's across async gaps - lib\features\admin\presentation\screens\report_archive_screen.dart:509:30 - use_build_context_synchronously
   info - Don't use 'BuildContext's across async gaps - lib\features\admin\presentation\screens\report_archive_screen.dart:518:28 - use_build_context_synchronously
   info - 'ButtonBar' is deprecated and shouldn't be used. Use OverflowBar instead. This feature was deprecated after v3.21.0-10.0.pre - lib\features\admin\presentation\screens\super_admin_screen.dart:242:15 - deprecated_member_use
   info - 'MaterialStateProperty' is deprecated and shouldn't be used. Use WidgetStateProperty instead. Moved to the Widgets layer to make code available outside of Material. This feature was deprecated after v3.19.0-0.3.pre - lib\features\admin\presentation\screens\super_admin_screen.dart:714:32 - deprecated_member_use
   info - 'activeColor' is deprecated and shouldn't be used. Use activeThumbColor instead. This feature was deprecated after v3.31.0-2.0.pre - lib\features\admin\presentation\screens\super_admin_screen.dart:876:20 - deprecated_member_use
   info - The constant name 'HONOR_PENALTY' isn't a lowerCamelCase identifier - lib\features\advertising\data\moderation_service.dart:232:20 - constant_identifier_names
   info - The constant name 'CRITICAL_PENALTY' isn't a lowerCamelCase identifier - lib\features\advertising\data\moderation_service.dart:233:20 - constant_identifier_names
warning - The value of the field '_isSigning' isn't used - lib\features\advertising\presentation\screens\merchant_charter_screen.dart:21:8 - unused_field
   info - Unnecessary use of 'toList' in a spread - lib\features\advertising\presentation\screens\merchant_dashboard_screen.dart:51:61 - unnecessary_to_list_in_spreads
  error - Undefined class 'Widget' - lib\features\advertising\presentation\screens\merchant_tab_screen.dart:10:3 - undefined_class
  error - Undefined class 'BuildContext' - lib\features\advertising\presentation\screens\merchant_tab_screen.dart:10:16 - undefined_class
  error - The method 'Scaffold' isn't defined for the type 'MerchantTabScreen' - lib\features\advertising\presentation\screens\merchant_tab_screen.dart:12:12 - undefined_method
  error - Undefined name 'Colors' - lib\features\advertising\presentation\screens\merchant_tab_screen.dart:13:24 - undefined_identifier
  error - Undefined name 'PageView' - lib\features\advertising\presentation\screens\merchant_tab_screen.dart:14:13 - undefined_identifier
  error - Undefined name 'Axis' - lib\features\advertising\presentation\screens\merchant_tab_screen.dart:15:26 - undefined_identifier
  error - Undefined class 'Widget' - lib\features\advertising\presentation\screens\merchant_tab_screen.dart:22:3 - undefined_class
  error - Undefined class 'BuildContext' - lib\features\advertising\presentation\screens\merchant_tab_screen.dart:22:28 - undefined_class
  error - Undefined class 'LocalizationProvider' - lib\features\advertising\presentation\screens\merchant_tab_screen.dart:22:61 - undefined_class
  error - The method 'Container' isn't defined for the type 'MerchantTabScreen' - lib\features\advertising\presentation\screens\merchant_tab_screen.dart:33:12 - undefined_method
  error - The method 'BoxDecoration' isn't defined for the type 'MerchantTabScreen' - lib\features\advertising\presentation\screens\merchant_tab_screen.dart:34:19 - undefined_method
  error - The method 'LinearGradient' isn't defined for the type 'MerchantTabScreen' - lib\features\advertising\presentation\screens\merchant_tab_screen.dart:35:19 - undefined_method
  error - Undefined name 'Alignment' - lib\features\advertising\presentation\screens\merchant_tab_screen.dart:36:18 - undefined_identifier
  error - Undefined name 'Alignment' - lib\features\advertising\presentation\screens\merchant_tab_screen.dart:37:16 - undefined_identifier
  error - Undefined name 'Colors' - lib\features\advertising\presentation\screens\merchant_tab_screen.dart:38:20 - undefined_identifier
  error - The method 'SafeArea' isn't defined for the type 'MerchantTabScreen' - lib\features\advertising\presentation\screens\merchant_tab_screen.dart:41:14 - undefined_method
  error - The method 'Stack' isn't defined for the type 'MerchantTabScreen' - lib\features\advertising\presentation\screens\merchant_tab_screen.dart:42:16 - undefined_method
  error - The method 'Center' isn't defined for the type 'MerchantTabScreen' - lib\features\advertising\presentation\screens\merchant_tab_screen.dart:45:13 - undefined_method
  error - The method 'Icon' isn't defined for the type 'MerchantTabScreen' - lib\features\advertising\presentation\screens\merchant_tab_screen.dart:46:22 - undefined_method
  error - Undefined name 'Icons' - lib\features\advertising\presentation\screens\merchant_tab_screen.dart:46:27 - undefined_identifier
  error - Undefined name 'Colors' - lib\features\advertising\presentation\screens\merchant_tab_screen.dart:46:63 - undefined_identifier
  error - The method 'Positioned' isn't defined for the type 'MerchantTabScreen' - lib\features\advertising\presentation\screens\merchant_tab_screen.dart:50:13 - undefined_method
  error - The method 'Column' isn't defined for the type 'MerchantTabScreen' - lib\features\advertising\presentation\screens\merchant_tab_screen.dart:54:22 - undefined_method
  error - Undefined name 'CrossAxisAlignment' - lib\features\advertising\presentation\screens\merchant_tab_screen.dart:55:37 - undefined_identifier
  error - The method 'Container' isn't defined for the type 'MerchantTabScreen' - lib\features\advertising\presentation\screens\merchant_tab_screen.dart:57:19 - undefined_method
  error - Undefined name 'EdgeInsets' - lib\features\advertising\presentation\screens\merchant_tab_screen.dart:58:36 - undefined_identifier
  error - The method 'BoxDecoration' isn't defined for the type 'MerchantTabScreen' - lib\features\advertising\presentation\screens\merchant_tab_screen.dart:59:33 - undefined_method
  error - Undefined name 'BorderRadius' - lib\features\advertising\presentation\screens\merchant_tab_screen.dart:61:37 - undefined_identifier
  error - The method 'Text' isn't defined for the type 'MerchantTabScreen' - lib\features\advertising\presentation\screens\merchant_tab_screen.dart:63:28 - undefined_method
  error - The name 'TextStyle' isn't a class - lib\features\advertising\presentation\screens\merchant_tab_screen.dart:63:63 - creation_with_non_type
  error - Undefined name 'FontWeight' - lib\features\advertising\presentation\screens\merchant_tab_screen.dart:63:99 - undefined_identifier
  error - The name 'SizedBox' isn't a class - lib\features\advertising\presentation\screens\merchant_tab_screen.dart:65:25 - creation_with_non_type
  error - The method 'Text' isn't defined for the type 'MerchantTabScreen' - lib\features\advertising\presentation\screens\merchant_tab_screen.dart:66:19 - undefined_method
  error - The name 'TextStyle' isn't a class - lib\features\advertising\presentation\screens\merchant_tab_screen.dart:66:56 - creation_with_non_type
  error - Undefined name 'FontWeight' - lib\features\advertising\presentation\screens\merchant_tab_screen.dart:66:92 - undefined_identifier
  error - Undefined name 'Colors' - lib\features\advertising\presentation\screens\merchant_tab_screen.dart:66:116 - undefined_identifier
  error - The name 'SizedBox' isn't a class - lib\features\advertising\presentation\screens\merchant_tab_screen.dart:67:25 - creation_with_non_type
  error - The method 'Text' isn't defined for the type 'MerchantTabScreen' - lib\features\advertising\presentation\screens\merchant_tab_screen.dart:68:19 - undefined_method
  error - The name 'TextStyle' isn't a class - lib\features\advertising\presentation\screens\merchant_tab_screen.dart:68:56 - creation_with_non_type
  error - Undefined name 'FontWeight' - lib\features\advertising\presentation\screens\merchant_tab_screen.dart:68:114 - undefined_identifier
  error - The name 'SizedBox' isn't a class - lib\features\advertising\presentation\screens\merchant_tab_screen.dart:69:25 - creation_with_non_type
  error - The method 'Row' isn't defined for the type 'MerchantTabScreen' - lib\features\advertising\presentation\screens\merchant_tab_screen.dart:70:19 - undefined_method
  error - The name 'CircleAvatar' isn't a class - lib\features\advertising\presentation\screens\merchant_tab_screen.dart:72:29 - creation_with_non_type
  error - Undefined name 'Colors' - lib\features\advertising\presentation\screens\merchant_tab_screen.dart:72:71 - undefined_identifier
  error - The method 'Icon' isn't defined for the type 'MerchantTabScreen' - lib\features\advertising\presentation\screens\merchant_tab_screen.dart:72:94 - undefined_method
  error - Undefined name 'Icons' - lib\features\advertising\presentation\screens\merchant_tab_screen.dart:72:99 - undefined_identifier
  error - Undefined name 'Colors' - lib\features\advertising\presentation\screens\merchant_tab_screen.dart:72:129 - undefined_identifier
  error - The name 'SizedBox' isn't a class - lib\features\advertising\presentation\screens\merchant_tab_screen.dart:73:29 - creation_with_non_type
  error - The method 'Text' isn't defined for the type 'MerchantTabScreen' - lib\features\advertising\presentation\screens\merchant_tab_screen.dart:74:23 - undefined_method
  error - The name 'TextStyle' isn't a class - lib\features\advertising\presentation\screens\merchant_tab_screen.dart:74:63 - creation_with_non_type
  error - Undefined name 'Colors' - lib\features\advertising\presentation\screens\merchant_tab_screen.dart:74:80 - undefined_identifier
  error - The method 'Positioned' isn't defined for the type 'MerchantTabScreen' - lib\features\advertising\presentation\screens\merchant_tab_screen.dart:82:13 - undefined_method
  error - The method 'Column' isn't defined for the type 'MerchantTabScreen' - lib\features\advertising\presentation\screens\merchant_tab_screen.dart:85:22 - undefined_method
  error - Undefined name 'Icons' - lib\features\advertising\presentation\screens\merchant_tab_screen.dart:87:38 - undefined_identifier
  error - The name 'SizedBox' isn't a class - lib\features\advertising\presentation\screens\merchant_tab_screen.dart:88:25 - creation_with_non_type
  error - Undefined name 'Icons' - lib\features\advertising\presentation\screens\merchant_tab_screen.dart:89:38 - undefined_identifier
  error - The name 'SizedBox' isn't a class - lib\features\advertising\presentation\screens\merchant_tab_screen.dart:90:25 - creation_with_non_type
  error - Undefined name 'Icons' - lib\features\advertising\presentation\screens\merchant_tab_screen.dart:91:38 - undefined_identifier
  error - The method 'Positioned' isn't defined for the type 'MerchantTabScreen' - lib\features\advertising\presentation\screens\merchant_tab_screen.dart:97:13 - undefined_method
  error - The method 'ElevatedButton' isn't defined for the type 'MerchantTabScreen' - lib\features\advertising\presentation\screens\merchant_tab_screen.dart:101:22 - undefined_method
  error - Undefined name 'ElevatedButton' - lib\features\advertising\presentation\screens\merchant_tab_screen.dart:103:24 - undefined_identifier
  error - Undefined name 'EdgeInsets' - lib\features\advertising\presentation\screens\merchant_tab_screen.dart:106:34 - undefined_identifier
  error - The method 'RoundedRectangleBorder' isn't defined for the type 'MerchantTabScreen' - lib\features\advertising\presentation\screens\merchant_tab_screen.dart:107:26 - undefined_method
  error - Undefined name 'BorderRadius' - lib\features\advertising\presentation\screens\merchant_tab_screen.dart:107:63 - undefined_identifier
  error - The method 'Text' isn't defined for the type 'MerchantTabScreen' - lib\features\advertising\presentation\screens\merchant_tab_screen.dart:109:24 - undefined_method
  error - The name 'TextStyle' isn't a class - lib\features\advertising\presentation\screens\merchant_tab_screen.dart:109:74 - creation_with_non_type
  error - Undefined name 'FontWeight' - lib\features\advertising\presentation\screens\merchant_tab_screen.dart:109:96 - undefined_identifier
  error - The method 'Positioned' isn't defined for the type 'MerchantTabScreen' - lib\features\advertising\presentation\screens\merchant_tab_screen.dart:114:13 - undefined_method
  error - The method 'Row' isn't defined for the type 'MerchantTabScreen' - lib\features\advertising\presentation\screens\merchant_tab_screen.dart:118:22 - undefined_method
  error - Undefined name 'MainAxisAlignment' - lib\features\advertising\presentation\screens\merchant_tab_screen.dart:119:36 - undefined_identifier
  error - The method 'Container' isn't defined for the type 'MerchantTabScreen' - lib\features\advertising\presentation\screens\merchant_tab_screen.dart:121:19 - undefined_method
  error - Undefined name 'EdgeInsets' - lib\features\advertising\presentation\screens\merchant_tab_screen.dart:122:36 - undefined_identifier
  error - The method 'BoxDecoration' isn't defined for the type 'MerchantTabScreen' - lib\features\advertising\presentation\screens\merchant_tab_screen.dart:123:33 - undefined_method
  error - Undefined name 'Colors' - lib\features\advertising\presentation\screens\merchant_tab_screen.dart:123:54 - undefined_identifier
  error - Undefined name 'BorderRadius' - lib\features\advertising\presentation\screens\merchant_tab_screen.dart:123:84 - undefined_identifier
  error - The method 'Text' isn't defined for the type 'MerchantTabScreen' - lib\features\advertising\presentation\screens\merchant_tab_screen.dart:124:28 - undefined_method
  error - The name 'TextStyle' isn't a class - lib\features\advertising\presentation\screens\merchant_tab_screen.dart:124:84 - creation_with_non_type
  error - Undefined name 'Colors' - lib\features\advertising\presentation\screens\merchant_tab_screen.dart:124:101 - undefined_identifier
  error - Undefined name 'FontWeight' - lib\features\advertising\presentation\screens\merchant_tab_screen.dart:124:127 - undefined_identifier
  error - The method 'Container' isn't defined for the type 'MerchantTabScreen' - lib\features\advertising\presentation\screens\merchant_tab_screen.dart:126:19 - undefined_method
  error - Undefined name 'EdgeInsets' - lib\features\advertising\presentation\screens\merchant_tab_screen.dart:127:36 - undefined_identifier
  error - The method 'BoxDecoration' isn't defined for the type 'MerchantTabScreen' - lib\features\advertising\presentation\screens\merchant_tab_screen.dart:128:33 - undefined_method
  error - Undefined name 'Colors' - lib\features\advertising\presentation\screens\merchant_tab_screen.dart:128:54 - undefined_identifier
  error - Undefined name 'BorderRadius' - lib\features\advertising\presentation\screens\merchant_tab_screen.dart:128:82 - undefined_identifier
  error - The method 'Text' isn't defined for the type 'MerchantTabScreen' - lib\features\advertising\presentation\screens\merchant_tab_screen.dart:129:28 - undefined_method
  error - The name 'TextStyle' isn't a class - lib\features\advertising\presentation\screens\merchant_tab_screen.dart:129:64 - creation_with_non_type
  error - Undefined name 'Colors' - lib\features\advertising\presentation\screens\merchant_tab_screen.dart:129:81 - undefined_identifier
  error - Undefined name 'FontWeight' - lib\features\advertising\presentation\screens\merchant_tab_screen.dart:129:121 - undefined_identifier
  error - Undefined class 'Widget' - lib\features\advertising\presentation\screens\merchant_tab_screen.dart:140:3 - undefined_class
  error - Undefined class 'IconData' - lib\features\advertising\presentation\screens\merchant_tab_screen.dart:140:29 - undefined_class
  error - The method 'Column' isn't defined for the type 'MerchantTabScreen' - lib\features\advertising\presentation\screens\merchant_tab_screen.dart:141:12 - undefined_method
  error - The method 'Container' isn't defined for the type 'MerchantTabScreen' - lib\features\advertising\presentation\screens\merchant_tab_screen.dart:143:9 - undefined_method
  error - Undefined name 'EdgeInsets' - lib\features\advertising\presentation\screens\merchant_tab_screen.dart:144:26 - undefined_identifier
  error - The method 'BoxDecoration' isn't defined for the type 'MerchantTabScreen' - lib\features\advertising\presentation\screens\merchant_tab_screen.dart:145:23 - undefined_method
  error - Undefined name 'Colors' - lib\features\advertising\presentation\screens\merchant_tab_screen.dart:145:44 - undefined_identifier
  error - Undefined name 'BoxShape' - lib\features\advertising\presentation\screens\merchant_tab_screen.dart:145:67 - undefined_identifier
  error - The method 'Icon' isn't defined for the type 'MerchantTabScreen' - lib\features\advertising\presentation\screens\merchant_tab_screen.dart:146:18 - undefined_method
  error - Undefined name 'Colors' - lib\features\advertising\presentation\screens\merchant_tab_screen.dart:146:36 - undefined_identifier
  error - The name 'SizedBox' isn't a class - lib\features\advertising\presentation\screens\merchant_tab_screen.dart:148:15 - creation_with_non_type
  error - The method 'Text' isn't defined for the type 'MerchantTabScreen' - lib\features\advertising\presentation\screens\merchant_tab_screen.dart:149:9 - undefined_method
  error - The name 'TextStyle' isn't a class - lib\features\advertising\presentation\screens\merchant_tab_screen.dart:149:34 - creation_with_non_type
  error - Undefined name 'Colors' - lib\features\advertising\presentation\screens\merchant_tab_screen.dart:149:51 - undefined_identifier
  error - Classes can only extend other classes - lib\features\ai\presentation\screens\smart_coach_screen.dart:7:32 - extends_non_class
  error - No associated named super constructor parameter - lib\features\ai\presentation\screens\smart_coach_screen.dart:9:33 - super_formal_parameter_without_associated_named
  error - Undefined class 'ConsumerState' - lib\features\ai\presentation\screens\smart_coach_screen.dart:12:3 - undefined_class
warning - The method doesn't override an inherited method - lib\features\ai\presentation\screens\smart_coach_screen.dart:12:35 - override_on_non_overriding_member
  error - Classes can only extend other classes - lib\features\ai\presentation\screens\smart_coach_screen.dart:15:38 - extends_non_class
  error - Undefined class 'TextEditingController' - lib\features\ai\presentation\screens\smart_coach_screen.dart:16:9 - undefined_class
  error - The method 'TextEditingController' isn't defined for the type '_SmartCoachScreenState' - lib\features\ai\presentation\screens\smart_coach_screen.dart:16:45 - undefined_method
  error - Undefined class 'ScrollController' - lib\features\ai\presentation\screens\smart_coach_screen.dart:17:9 - undefined_class
  error - The method 'ScrollController' isn't defined for the type '_SmartCoachScreenState' - lib\features\ai\presentation\screens\smart_coach_screen.dart:17:46 - undefined_method
  error - Undefined class 'FocusNode' - lib\features\ai\presentation\screens\smart_coach_screen.dart:24:9 - undefined_class
  error - The method 'FocusNode' isn't defined for the type '_SmartCoachScreenState' - lib\features\ai\presentation\screens\smart_coach_screen.dart:24:32 - undefined_method
warning - The method doesn't override an inherited method - lib\features\ai\presentation\screens\smart_coach_screen.dart:27:8 - override_on_non_overriding_member
  error - The method 'initState' isn't defined in a superclass of '_SmartCoachScreenState' - lib\features\ai\presentation\screens\smart_coach_screen.dart:28:11 - undefined_super_member
  error - Undefined name 'ref' - lib\features\ai\presentation\screens\smart_coach_screen.dart:29:18 - undefined_identifier
  error - Undefined name 'widget' - lib\features\ai\presentation\screens\smart_coach_screen.dart:37:9 - undefined_identifier
  error - Undefined name 'WidgetsBinding' - lib\features\ai\presentation\screens\smart_coach_screen.dart:38:7 - undefined_identifier
  error - Undefined name 'widget' - lib\features\ai\presentation\screens\smart_coach_screen.dart:39:22 - undefined_identifier
warning - The value of the local variable 'l10n' isn't used - lib\features\ai\presentation\screens\smart_coach_screen.dart:45:11 - unused_local_variable
  error - Undefined name 'ref' - lib\features\ai\presentation\screens\smart_coach_screen.dart:45:18 - undefined_identifier
  error - Undefined name 'ref' - lib\features\ai\presentation\screens\smart_coach_screen.dart:46:26 - undefined_identifier
  error - The method 'showDialog' isn't defined for the type '_SmartCoachScreenState' - lib\features\ai\presentation\screens\smart_coach_screen.dart:49:31 - undefined_method
  error - Undefined name 'context' - lib\features\ai\presentation\screens\smart_coach_screen.dart:50:18 - undefined_identifier
  error - The method 'setState' isn't defined for the type '_SmartCoachScreenState' - lib\features\ai\presentation\screens\smart_coach_screen.dart:61:7 - undefined_method
  error - The method 'setState' isn't defined for the type '_SmartCoachScreenState' - lib\features\ai\presentation\screens\smart_coach_screen.dart:64:7 - undefined_method
  error - Undefined name 'mounted' - lib\features\ai\presentation\screens\smart_coach_screen.dart:71:13 - undefined_identifier
  error - The method 'setState' isn't defined for the type '_SmartCoachScreenState' - lib\features\ai\presentation\screens\smart_coach_screen.dart:72:11 - undefined_method
  error - The method 'setState' isn't defined for the type '_SmartCoachScreenState' - lib\features\ai\presentation\screens\smart_coach_screen.dart:82:9 - undefined_method
  error - Undefined name 'ref' - lib\features\ai\presentation\screens\smart_coach_screen.dart:88:18 - undefined_identifier
  error - The method 'setState' isn't defined for the type '_SmartCoachScreenState' - lib\features\ai\presentation\screens\smart_coach_screen.dart:91:5 - undefined_method
  error - Undefined name 'ref' - lib\features\ai\presentation\screens\smart_coach_screen.dart:105:18 - undefined_identifier
  error - The method 'setState' isn't defined for the type '_SmartCoachScreenState' - lib\features\ai\presentation\screens\smart_coach_screen.dart:110:5 - undefined_method
  error - Undefined name '_isTyping' - lib\features\ai\presentation\screens\smart_coach_screen.dart:112:7 - undefined_identifier
  error - Undefined name 'mounted' - lib\features\ai\presentation\screens\smart_coach_screen.dart:119:11 - undefined_identifier
  error - The method 'setState' isn't defined for the type '_SmartCoachScreenState' - lib\features\ai\presentation\screens\smart_coach_screen.dart:136:8 - undefined_method
  error - Undefined name '_isTyping' - lib\features\ai\presentation\screens\smart_coach_screen.dart:137:10 - undefined_identifier
  error - Undefined name 'ref' - lib\features\ai\presentation\screens\smart_coach_screen.dart:144:18 - undefined_identifier
  error - Undefined name 'userProvider' - lib\features\ai\presentation\screens\smart_coach_screen.dart:144:27 - undefined_identifier
  error - Undefined name 'ref' - lib\features\ai\presentation\screens\smart_coach_screen.dart:147:34 - undefined_identifier
  error - Undefined name 'geminiServiceProvider' - lib\features\ai\presentation\screens\smart_coach_screen.dart:147:43 - undefined_identifier
  error - Undefined name 'ref' - lib\features\ai\presentation\screens\smart_coach_screen.dart:148:74 - undefined_identifier
  error - Undefined name 'mounted' - lib\features\ai\presentation\screens\smart_coach_screen.dart:150:9 - undefined_identifier
  error - The method 'setState' isn't defined for the type '_SmartCoachScreenState' - lib\features\ai\presentation\screens\smart_coach_screen.dart:151:7 - undefined_method
  error - Undefined name '_isTyping' - lib\features\ai\presentation\screens\smart_coach_screen.dart:152:9 - undefined_identifier
  error - Undefined name 'WidgetsBinding' - lib\features\ai\presentation\screens\smart_coach_screen.dart:164:5 - undefined_identifier
  error - Undefined name 'Curves' - lib\features\ai\presentation\screens\smart_coach_screen.dart:169:18 - undefined_identifier
  error - Undefined class 'Widget' - lib\features\ai\presentation\screens\smart_coach_screen.dart:176:3 - undefined_class
warning - The method doesn't override an inherited method - lib\features\ai\presentation\screens\smart_coach_screen.dart:176:10 - override_on_non_overriding_member
  error - Undefined class 'BuildContext' - lib\features\ai\presentation\screens\smart_coach_screen.dart:176:16 - undefined_class
  error - The method 'Scaffold' isn't defined for the type '_SmartCoachScreenState' - lib\features\ai\presentation\screens\smart_coach_screen.dart:177:12 - undefined_method
  error - The method 'AppBar' isn't defined for the type '_SmartCoachScreenState' - lib\features\ai\presentation\screens\smart_coach_screen.dart:178:15 - undefined_method
  error - The name 'Row' isn't a class - lib\features\ai\presentation\screens\smart_coach_screen.dart:179:22 - creation_with_non_type
  error - The method 'Icon' isn't defined for the type '_SmartCoachScreenState' - lib\features\ai\presentation\screens\smart_coach_screen.dart:181:13 - undefined_method
  error - Undefined name 'Icons' - lib\features\ai\presentation\screens\smart_coach_screen.dart:181:18 - undefined_identifier
  error - Undefined name 'Colors' - lib\features\ai\presentation\screens\smart_coach_screen.dart:181:47 - undefined_identifier
  error - The method 'SizedBox' isn't defined for the type '_SmartCoachScreenState' - lib\features\ai\presentation\screens\smart_coach_screen.dart:182:13 - undefined_method
  error - The method 'Text' isn't defined for the type '_SmartCoachScreenState' - lib\features\ai\presentation\screens\smart_coach_screen.dart:183:13 - undefined_method
  error - Undefined name 'AppTheme' - lib\features\ai\presentation\screens\smart_coach_screen.dart:186:26 - undefined_identifier
  error - The method 'Column' isn't defined for the type '_SmartCoachScreenState' - lib\features\ai\presentation\screens\smart_coach_screen.dart:188:13 - undefined_method
  error - The method 'Expanded' isn't defined for the type '_SmartCoachScreenState' - lib\features\ai\presentation\screens\smart_coach_screen.dart:191:11 - undefined_method
  error - Undefined name 'ListView' - lib\features\ai\presentation\screens\smart_coach_screen.dart:192:20 - undefined_identifier
  error - Undefined name 'EdgeInsets' - lib\features\ai\presentation\screens\smart_coach_screen.dart:194:30 - undefined_identifier
  error - Undefined name '_isTyping' - lib\features\ai\presentation\screens\smart_coach_screen.dart:195:46 - undefined_identifier
  error - Undefined name '_isTyping' - lib\features\ai\presentation\screens\smart_coach_screen.dart:197:21 - undefined_identifier
  error - The name 'Padding' isn't a class - lib\features\ai\presentation\screens\smart_coach_screen.dart:198:32 - creation_with_non_type
  error - Undefined name 'EdgeInsets' - lib\features\ai\presentation\screens\smart_coach_screen.dart:199:30 - undefined_identifier
  error - The method 'Row' isn't defined for the type '_SmartCoachScreenState' - lib\features\ai\presentation\screens\smart_coach_screen.dart:200:28 - undefined_method
  error - The method 'CircleAvatar' isn't defined for the type '_SmartCoachScreenState' - lib\features\ai\presentation\screens\smart_coach_screen.dart:202:25 - undefined_method
  error - Undefined name 'AppTheme' - lib\features\ai\presentation\screens\smart_coach_screen.dart:202:55 - undefined_identifier
  error - The method 'Icon' isn't defined for the type '_SmartCoachScreenState' - lib\features\ai\presentation\screens\smart_coach_screen.dart:202:89 - undefined_method
  error - Undefined name 'Icons' - lib\features\ai\presentation\screens\smart_coach_screen.dart:202:94 - undefined_identifier
  error - Undefined name 'Colors' - lib\features\ai\presentation\screens\smart_coach_screen.dart:202:133 - undefined_identifier
   info - Unnecessary 'const' keyword - lib\features\ai\presentation\screens\smart_coach_screen.dart:203:25 - unnecessary_const
  error - The name 'SizedBox' isn't a class - lib\features\ai\presentation\screens\smart_coach_screen.dart:203:31 - creation_with_non_type
  error - The method 'Text' isn't defined for the type '_SmartCoachScreenState' - lib\features\ai\presentation\screens\smart_coach_screen.dart:204:25 - undefined_method
  error - Undefined name 'ref' - lib\features\ai\presentation\screens\smart_coach_screen.dart:205:27 - undefined_identifier
   info - Unnecessary 'const' keyword - lib\features\ai\presentation\screens\smart_coach_screen.dart:206:34 - unnecessary_const
  error - The name 'TextStyle' isn't a class - lib\features\ai\presentation\screens\smart_coach_screen.dart:206:40 - creation_with_non_type
  error - Undefined name 'FontStyle' - lib\features\ai\presentation\screens\smart_coach_screen.dart:206:61 - undefined_identifier
  error - Undefined name 'Colors' - lib\features\ai\presentation\screens\smart_coach_screen.dart:206:86 - undefined_identifier
  error - The method 'Align' isn't defined for the type '_SmartCoachScreenState' - lib\features\ai\presentation\screens\smart_coach_screen.dart:214:24 - undefined_method
  error - Undefined name 'Alignment' - lib\features\ai\presentation\screens\smart_coach_screen.dart:215:39 - undefined_identifier
  error - Undefined name 'Alignment' - lib\features\ai\presentation\screens\smart_coach_screen.dart:215:63 - undefined_identifier
  error - The method 'Container' isn't defined for the type '_SmartCoachScreenState' - lib\features\ai\presentation\screens\smart_coach_screen.dart:216:26 - undefined_method
  error - Undefined name 'EdgeInsets' - lib\features\ai\presentation\screens\smart_coach_screen.dart:217:35 - undefined_identifier
  error - Undefined name 'EdgeInsets' - lib\features\ai\presentation\screens\smart_coach_screen.dart:218:36 - undefined_identifier
  error - The method 'BoxConstraints' isn't defined for the type '_SmartCoachScreenState' - lib\features\ai\presentation\screens\smart_coach_screen.dart:219:34 - undefined_method
  error - Undefined name 'MediaQuery' - lib\features\ai\presentation\screens\smart_coach_screen.dart:219:59 - undefined_identifier
  error - The method 'BoxDecoration' isn't defined for the type '_SmartCoachScreenState' - lib\features\ai\presentation\screens\smart_coach_screen.dart:220:33 - undefined_method
  error - Undefined name 'AppTheme' - lib\features\ai\presentation\screens\smart_coach_screen.dart:221:39 - undefined_identifier
  error - Undefined name 'Colors' - lib\features\ai\presentation\screens\smart_coach_screen.dart:221:61 - undefined_identifier
  error - Undefined name 'BorderRadius' - lib\features\ai\presentation\screens\smart_coach_screen.dart:222:37 - undefined_identifier
  error - Undefined name 'Radius' - lib\features\ai\presentation\screens\smart_coach_screen.dart:223:40 - undefined_identifier
  error - Undefined name 'Radius' - lib\features\ai\presentation\screens\smart_coach_screen.dart:224:41 - undefined_identifier
  error - Undefined name 'Radius' - lib\features\ai\presentation\screens\smart_coach_screen.dart:225:52 - undefined_identifier
  error - Undefined name 'Radius' - lib\features\ai\presentation\screens\smart_coach_screen.dart:225:80 - undefined_identifier
  error - Undefined name 'Radius' - lib\features\ai\presentation\screens\smart_coach_screen.dart:226:53 - undefined_identifier
  error - Undefined name 'Radius' - lib\features\ai\presentation\screens\smart_coach_screen.dart:226:80 - undefined_identifier
  error - The method 'BoxShadow' isn't defined for the type '_SmartCoachScreenState' - lib\features\ai\presentation\screens\smart_coach_screen.dart:228:35 - undefined_method
  error - Undefined name 'Colors' - lib\features\ai\presentation\screens\smart_coach_screen.dart:228:52 - undefined_identifier
  error - The name 'Offset' isn't a class - lib\features\ai\presentation\screens\smart_coach_screen.dart:228:117 - creation_with_non_type
  error - The method 'Column' isn't defined for the type '_SmartCoachScreenState' - lib\features\ai\presentation\screens\smart_coach_screen.dart:230:28 - undefined_method
  error - Undefined name 'CrossAxisAlignment' - lib\features\ai\presentation\screens\smart_coach_screen.dart:231:43 - undefined_identifier
  error - The method 'Text' isn't defined for the type '_SmartCoachScreenState' - lib\features\ai\presentation\screens\smart_coach_screen.dart:233:25 - undefined_method
  error - The method 'TextStyle' isn't defined for the type '_SmartCoachScreenState' - lib\features\ai\presentation\screens\smart_coach_screen.dart:235:34 - undefined_method
  error - Undefined name 'Colors' - lib\features\ai\presentation\screens\smart_coach_screen.dart:235:60 - undefined_identifier
  error - Undefined name 'Colors' - lib\features\ai\presentation\screens\smart_coach_screen.dart:235:75 - undefined_identifier
  error - The method 'Padding' isn't defined for the type '_SmartCoachScreenState' - lib\features\ai\presentation\screens\smart_coach_screen.dart:238:28 - undefined_method
  error - Undefined name 'EdgeInsets' - lib\features\ai\presentation\screens\smart_coach_screen.dart:239:45 - undefined_identifier
  error - The method 'Text' isn't defined for the type '_SmartCoachScreenState' - lib\features\ai\presentation\screens\smart_coach_screen.dart:240:37 - undefined_method
  error - The name 'TextStyle' isn't a class - lib\features\ai\presentation\screens\smart_coach_screen.dart:242:45 - creation_with_non_type
  error - Undefined name 'AppTheme' - lib\features\ai\presentation\screens\smart_coach_screen.dart:242:76 - undefined_identifier
  error - Undefined name 'FontWeight' - lib\features\ai\presentation\screens\smart_coach_screen.dart:242:111 - undefined_identifier
  error - The method 'SingleChildScrollView' isn't defined for the type '_SmartCoachScreenState' - lib\features\ai\presentation\screens\smart_coach_screen.dart:258:11 - undefined_method
  error - Undefined name 'Axis' - lib\features\ai\presentation\screens\smart_coach_screen.dart:259:30 - undefined_identifier
  error - Undefined name 'EdgeInsets' - lib\features\ai\presentation\screens\smart_coach_screen.dart:260:28 - undefined_identifier
  error - The method 'Row' isn't defined for the type '_SmartCoachScreenState' - lib\features\ai\presentation\screens\smart_coach_screen.dart:261:20 - undefined_method
  error - The name 'SizedBox' isn't a class - lib\features\ai\presentation\screens\smart_coach_screen.dart:264:23 - creation_with_non_type
  error - The name 'SizedBox' isn't a class - lib\features\ai\presentation\screens\smart_coach_screen.dart:266:23 - creation_with_non_type
  error - The method 'Container' isn't defined for the type '_SmartCoachScreenState' - lib\features\ai\presentation\screens\smart_coach_screen.dart:273:11 - undefined_method
  error - Undefined name 'EdgeInsets' - lib\features\ai\presentation\screens\smart_coach_screen.dart:274:28 - undefined_identifier
  error - The method 'BoxDecoration' isn't defined for the type '_SmartCoachScreenState' - lib\features\ai\presentation\screens\smart_coach_screen.dart:275:25 - undefined_method
  error - Undefined name 'Colors' - lib\features\ai\presentation\screens\smart_coach_screen.dart:275:46 - undefined_identifier
  error - The method 'Border' isn't defined for the type '_SmartCoachScreenState' - lib\features\ai\presentation\screens\smart_coach_screen.dart:275:68 - undefined_method
  error - The method 'BorderSide' isn't defined for the type '_SmartCoachScreenState' - lib\features\ai\presentation\screens\smart_coach_screen.dart:275:80 - undefined_method
  error - Undefined name 'Colors' - lib\features\ai\presentation\screens\smart_coach_screen.dart:275:98 - undefined_identifier
  error - The method 'Row' isn't defined for the type '_SmartCoachScreenState' - lib\features\ai\presentation\screens\smart_coach_screen.dart:276:20 - undefined_method
  error - The method 'Expanded' isn't defined for the type '_SmartCoachScreenState' - lib\features\ai\presentation\screens\smart_coach_screen.dart:278:17 - undefined_method
  error - The method 'Column' isn't defined for the type '_SmartCoachScreenState' - lib\features\ai\presentation\screens\smart_coach_screen.dart:280:25 - undefined_method
  error - Undefined name 'MainAxisSize' - lib\features\ai\presentation\screens\smart_coach_screen.dart:281:41 - undefined_identifier
  error - The method 'Text' isn't defined for the type '_SmartCoachScreenState' - lib\features\ai\presentation\screens\smart_coach_screen.dart:283:29 - undefined_method
  error - Undefined name 'ref' - lib\features\ai\presentation\screens\smart_coach_screen.dart:284:31 - undefined_identifier
  error - The name 'TextStyle' isn't a class - lib\features\ai\presentation\screens\smart_coach_screen.dart:285:44 - creation_with_non_type
  error - Undefined name 'FontWeight' - lib\features\ai\presentation\screens\smart_coach_screen.dart:285:66 - undefined_identifier
  error - Undefined name 'AppTheme' - lib\features\ai\presentation\screens\smart_coach_screen.dart:285:90 - undefined_identifier
  error - The name 'SizedBox' isn't a class - lib\features\ai\presentation\screens\smart_coach_screen.dart:287:35 - creation_with_non_type
  error - The name 'SizedBox' isn't a class - lib\features\ai\presentation\screens\smart_coach_screen.dart:289:35 - creation_with_non_type
  error - The method 'Text' isn't defined for the type '_SmartCoachScreenState' - lib\features\ai\presentation\screens\smart_coach_screen.dart:290:29 - undefined_method
  error - Undefined name 'ref' - lib\features\ai\presentation\screens\smart_coach_screen.dart:291:31 - undefined_identifier
  error - The name 'TextStyle' isn't a class - lib\features\ai\presentation\screens\smart_coach_screen.dart:292:44 - creation_with_non_type
  error - Undefined name 'Colors' - lib\features\ai\presentation\screens\smart_coach_screen.dart:292:74 - undefined_identifier
  error - Undefined name 'TextAlign' - lib\features\ai\presentation\screens\smart_coach_screen.dart:293:42 - undefined_identifier
  error - The method 'TextField' isn't defined for the type '_SmartCoachScreenState' - lib\features\ai\presentation\screens\smart_coach_screen.dart:297:25 - undefined_method
  error - The method 'InputDecoration' isn't defined for the type '_SmartCoachScreenState' - lib\features\ai\presentation\screens\smart_coach_screen.dart:300:39 - undefined_method
  error - Undefined name 'ref' - lib\features\ai\presentation\screens\smart_coach_screen.dart:301:39 - undefined_identifier
  error - The method 'OutlineInputBorder' isn't defined for the type '_SmartCoachScreenState' - lib\features\ai\presentation\screens\smart_coach_screen.dart:302:37 - undefined_method
  error - Undefined name 'BorderRadius' - lib\features\ai\presentation\screens\smart_coach_screen.dart:302:70 - undefined_identifier
  error - Undefined name 'BorderSide' - lib\features\ai\presentation\screens\smart_coach_screen.dart:302:109 - undefined_identifier
  error - Undefined name 'Colors' - lib\features\ai\presentation\screens\smart_coach_screen.dart:304:40 - undefined_identifier
  error - Undefined name 'EdgeInsets' - lib\features\ai\presentation\screens\smart_coach_screen.dart:305:51 - undefined_identifier
  error - The name 'SizedBox' isn't a class - lib\features\ai\presentation\screens\smart_coach_screen.dart:310:23 - creation_with_non_type
  error - The name 'SizedBox' isn't a class - lib\features\ai\presentation\screens\smart_coach_screen.dart:317:25 - creation_with_non_type
  error - The method 'CircleAvatar' isn't defined for the type '_SmartCoachScreenState' - lib\features\ai\presentation\screens\smart_coach_screen.dart:318:19 - undefined_method
  error - Undefined name 'AppTheme' - lib\features\ai\presentation\screens\smart_coach_screen.dart:319:38 - undefined_identifier
  error - The method 'IconButton' isn't defined for the type '_SmartCoachScreenState' - lib\features\ai\presentation\screens\smart_coach_screen.dart:320:28 - undefined_method
  error - The name 'Icon' isn't a class - lib\features\ai\presentation\screens\smart_coach_screen.dart:321:35 - creation_with_non_type
  error - Undefined name 'Icons' - lib\features\ai\presentation\screens\smart_coach_screen.dart:321:40 - undefined_identifier
  error - Undefined name 'Colors' - lib\features\ai\presentation\screens\smart_coach_screen.dart:321:59 - undefined_identifier
  error - Undefined class 'Widget' - lib\features\ai\presentation\screens\smart_coach_screen.dart:336:3 - undefined_class
  error - Undefined name 'Icons' - lib\features\ai\presentation\screens\smart_coach_screen.dart:338:87 - undefined_identifier
  error - Undefined name 'Colors' - lib\features\ai\presentation\screens\smart_coach_screen.dart:338:119 - undefined_identifier
  error - Undefined name 'Icons' - lib\features\ai\presentation\screens\smart_coach_screen.dart:339:87 - undefined_identifier
  error - Undefined name 'Colors' - lib\features\ai\presentation\screens\smart_coach_screen.dart:339:110 - undefined_identifier
  error - Undefined name 'Icons' - lib\features\ai\presentation\screens\smart_coach_screen.dart:340:90 - undefined_identifier
  error - Undefined name 'Colors' - lib\features\ai\presentation\screens\smart_coach_screen.dart:340:113 - undefined_identifier
  error - The method 'Container' isn't defined for the type '_SmartCoachScreenState' - lib\features\ai\presentation\screens\smart_coach_screen.dart:343:12 - undefined_method
  error - Undefined name 'EdgeInsets' - lib\features\ai\presentation\screens\smart_coach_screen.dart:345:21 - undefined_identifier
  error - Undefined name 'ListView' - lib\features\ai\presentation\screens\smart_coach_screen.dart:346:14 - undefined_identifier
  error - Undefined name 'Axis' - lib\features\ai\presentation\screens\smart_coach_screen.dart:347:26 - undefined_identifier
  error - The method 'Container' isn't defined for the type '_SmartCoachScreenState' - lib\features\ai\presentation\screens\smart_coach_screen.dart:351:18 - undefined_method
  error - Undefined name 'EdgeInsets' - lib\features\ai\presentation\screens\smart_coach_screen.dart:353:27 - undefined_identifier
  error - Undefined name 'EdgeInsets' - lib\features\ai\presentation\screens\smart_coach_screen.dart:354:28 - undefined_identifier
  error - The method 'BoxDecoration' isn't defined for the type '_SmartCoachScreenState' - lib\features\ai\presentation\screens\smart_coach_screen.dart:355:25 - undefined_method
  error - Undefined name 'Colors' - lib\features\ai\presentation\screens\smart_coach_screen.dart:356:22 - undefined_identifier
  error - Undefined name 'BorderRadius' - lib\features\ai\presentation\screens\smart_coach_screen.dart:357:29 - undefined_identifier
  error - Undefined name 'Border' - lib\features\ai\presentation\screens\smart_coach_screen.dart:358:23 - undefined_identifier
  error - The name 'Color' isn't a type, so it can't be used in an 'as' expression - lib\features\ai\presentation\screens\smart_coach_screen.dart:358:56 - cast_to_non_type
  error - The method 'BoxShadow' isn't defined for the type '_SmartCoachScreenState' - lib\features\ai\presentation\screens\smart_coach_screen.dart:359:27 - undefined_method
  error - Undefined name 'Colors' - lib\features\ai\presentation\screens\smart_coach_screen.dart:359:44 - undefined_identifier
  error - The name 'Offset' isn't a class - lib\features\ai\presentation\screens\smart_coach_screen.dart:359:111 - creation_with_non_type
  error - The method 'Column' isn't defined for the type '_SmartCoachScreenState' - lib\features\ai\presentation\screens\smart_coach_screen.dart:361:20 - undefined_method
  error - Undefined name 'MainAxisAlignment' - lib\features\ai\presentation\screens\smart_coach_screen.dart:362:34 - undefined_identifier
  error - The method 'CircleAvatar' isn't defined for the type '_SmartCoachScreenState' - lib\features\ai\presentation\screens\smart_coach_screen.dart:364:17 - undefined_method
  error - The name 'Color' isn't a type, so it can't be used in an 'as' expression - lib\features\ai\presentation\screens\smart_coach_screen.dart:364:62 - cast_to_non_type
  error - The method 'Icon' isn't defined for the type '_SmartCoachScreenState' - lib\features\ai\presentation\screens\smart_coach_screen.dart:364:100 - undefined_method
  error - The name 'IconData' isn't a type, so it can't be used in an 'as' expression - lib\features\ai\presentation\screens\smart_coach_screen.dart:364:118 - cast_to_non_type
  error - The name 'Color' isn't a type, so it can't be used in an 'as' expression - lib\features\ai\presentation\screens\smart_coach_screen.dart:364:149 - cast_to_non_type
  error - The name 'SizedBox' isn't a class - lib\features\ai\presentation\screens\smart_coach_screen.dart:365:23 - creation_with_non_type
  error - The method 'Text' isn't defined for the type '_SmartCoachScreenState' - lib\features\ai\presentation\screens\smart_coach_screen.dart:366:17 - undefined_method
  error - The name 'TextStyle' isn't a class - lib\features\ai\presentation\screens\smart_coach_screen.dart:366:56 - creation_with_non_type
  error - Undefined name 'FontWeight' - lib\features\ai\presentation\screens\smart_coach_screen.dart:366:78 - undefined_identifier
  error - Undefined name 'TextAlign' - lib\features\ai\presentation\screens\smart_coach_screen.dart:366:121 - undefined_identifier
  error - The name 'SizedBox' isn't a class - lib\features\ai\presentation\screens\smart_coach_screen.dart:367:23 - creation_with_non_type
  error - The method 'Text' isn't defined for the type '_SmartCoachScreenState' - lib\features\ai\presentation\screens\smart_coach_screen.dart:368:17 - undefined_method
  error - The name 'TextStyle' isn't a class - lib\features\ai\presentation\screens\smart_coach_screen.dart:368:57 - creation_with_non_type
  error - Undefined name 'FontWeight' - lib\features\ai\presentation\screens\smart_coach_screen.dart:368:79 - undefined_identifier
  error - Undefined name 'AppTheme' - lib\features\ai\presentation\screens\smart_coach_screen.dart:368:103 - undefined_identifier
  error - The name 'SizedBox' isn't a class - lib\features\ai\presentation\screens\smart_coach_screen.dart:369:23 - creation_with_non_type
  error - The method 'SizedBox' isn't defined for the type '_SmartCoachScreenState' - lib\features\ai\presentation\screens\smart_coach_screen.dart:370:17 - undefined_method
  error - The method 'ElevatedButton' isn't defined for the type '_SmartCoachScreenState' - lib\features\ai\presentation\screens\smart_coach_screen.dart:372:26 - undefined_method
  error - Undefined name 'ElevatedButton' - lib\features\ai\presentation\screens\smart_coach_screen.dart:373:28 - undefined_identifier
  error - Undefined name 'AppTheme' - lib\features\ai\presentation\screens\smart_coach_screen.dart:373:70 - undefined_identifier
  error - Undefined name 'EdgeInsets' - lib\features\ai\presentation\screens\smart_coach_screen.dart:373:106 - undefined_identifier
  error - The name 'Text' isn't a class - lib\features\ai\presentation\screens\smart_coach_screen.dart:377:34 - creation_with_non_type
  error - The method 'TextStyle' isn't defined for the type '_SmartCoachScreenState' - lib\features\ai\presentation\screens\smart_coach_screen.dart:377:54 - undefined_method
  error - Undefined class 'Widget' - lib\features\ai\presentation\screens\smart_coach_screen.dart:388:3 - undefined_class
  error - Undefined name 'ref' - lib\features\ai\presentation\screens\smart_coach_screen.dart:389:18 - undefined_identifier
  error - The method 'Padding' isn't defined for the type '_SmartCoachScreenState' - lib\features\ai\presentation\screens\smart_coach_screen.dart:390:12 - undefined_method
  error - Undefined name 'EdgeInsets' - lib\features\ai\presentation\screens\smart_coach_screen.dart:391:22 - undefined_identifier
  error - The method 'Row' isn't defined for the type '_SmartCoachScreenState' - lib\features\ai\presentation\screens\smart_coach_screen.dart:392:14 - undefined_method
  error - Undefined name 'ElevatedButton' - lib\features\ai\presentation\screens\smart_coach_screen.dart:394:11 - undefined_identifier
  error - The name 'Icon' isn't a class - lib\features\ai\presentation\screens\smart_coach_screen.dart:396:25 - creation_with_non_type
  error - Undefined name 'Icons' - lib\features\ai\presentation\screens\smart_coach_screen.dart:396:30 - undefined_identifier
  error - The method 'Text' isn't defined for the type '_SmartCoachScreenState' - lib\features\ai\presentation\screens\smart_coach_screen.dart:397:20 - undefined_method
  error - Undefined name 'ElevatedButton' - lib\features\ai\presentation\screens\smart_coach_screen.dart:398:20 - undefined_identifier
  error - Undefined name 'AppTheme' - lib\features\ai\presentation\screens\smart_coach_screen.dart:399:32 - undefined_identifier
  error - Undefined name 'EdgeInsets' - lib\features\ai\presentation\screens\smart_coach_screen.dart:400:30 - undefined_identifier
  error - The name 'SizedBox' isn't a class - lib\features\ai\presentation\screens\smart_coach_screen.dart:403:17 - creation_with_non_type
  error - Undefined name 'OutlinedButton' - lib\features\ai\presentation\screens\smart_coach_screen.dart:404:11 - undefined_identifier
  error - The name 'Icon' isn't a class - lib\features\ai\presentation\screens\smart_coach_screen.dart:408:25 - creation_with_non_type
  error - Undefined name 'Icons' - lib\features\ai\presentation\screens\smart_coach_screen.dart:408:30 - undefined_identifier
  error - The method 'Text' isn't defined for the type '_SmartCoachScreenState' - lib\features\ai\presentation\screens\smart_coach_screen.dart:409:20 - undefined_method
  error - Undefined name 'OutlinedButton' - lib\features\ai\presentation\screens\smart_coach_screen.dart:410:20 - undefined_identifier
  error - Undefined name 'EdgeInsets' - lib\features\ai\presentation\screens\smart_coach_screen.dart:411:30 - undefined_identifier
  error - The method 'showModalBottomSheet' isn't defined for the type '_SmartCoachScreenState' - lib\features\ai\presentation\screens\smart_coach_screen.dart:420:5 - undefined_method
  error - Undefined name 'context' - lib\features\ai\presentation\screens\smart_coach_screen.dart:421:16 - undefined_identifier
  error - Undefined name 'Colors' - lib\features\ai\presentation\screens\smart_coach_screen.dart:423:24 - undefined_identifier
  error - The method 'Container' isn't defined for the type '_SmartCoachScreenState' - lib\features\ai\presentation\screens\smart_coach_screen.dart:424:25 - undefined_method
  error - Undefined name 'MediaQuery' - lib\features\ai\presentation\screens\smart_coach_screen.dart:425:17 - undefined_identifier
  error - Undefined name 'context' - lib\features\ai\presentation\screens\smart_coach_screen.dart:425:31 - undefined_identifier
  error - The name 'BoxDecoration' isn't a class - lib\features\ai\presentation\screens\smart_coach_screen.dart:426:27 - creation_with_non_type
  error - Undefined name 'Colors' - lib\features\ai\presentation\screens\smart_coach_screen.dart:427:18 - undefined_identifier
  error - Undefined name 'BorderRadius' - lib\features\ai\presentation\screens\smart_coach_screen.dart:428:25 - undefined_identifier
  error - Undefined name 'Radius' - lib\features\ai\presentation\screens\smart_coach_screen.dart:428:52 - undefined_identifier
  error - Undefined name 'EdgeInsets' - lib\features\ai\presentation\screens\smart_coach_screen.dart:430:24 - undefined_identifier
  error - The method 'Column' isn't defined for the type '_SmartCoachScreenState' - lib\features\ai\presentation\screens\smart_coach_screen.dart:431:16 - undefined_method
  error - Undefined name 'CrossAxisAlignment' - lib\features\ai\presentation\screens\smart_coach_screen.dart:432:31 - undefined_identifier
  error - The method 'Center' isn't defined for the type '_SmartCoachScreenState' - lib\features\ai\presentation\screens\smart_coach_screen.dart:434:13 - undefined_method
  error - The method 'Container' isn't defined for the type '_SmartCoachScreenState' - lib\features\ai\presentation\screens\smart_coach_screen.dart:434:27 - undefined_method
  error - The method 'BoxDecoration' isn't defined for the type '_SmartCoachScreenState' - lib\features\ai\presentation\screens\smart_coach_screen.dart:434:71 - undefined_method
  error - Undefined name 'Colors' - lib\features\ai\presentation\screens\smart_coach_screen.dart:434:92 - undefined_identifier
  error - Undefined name 'BorderRadius' - lib\features\ai\presentation\screens\smart_coach_screen.dart:434:124 - undefined_identifier
  error - The name 'SizedBox' isn't a class - lib\features\ai\presentation\screens\smart_coach_screen.dart:435:19 - creation_with_non_type
  error - The name 'Text' isn't a class - lib\features\ai\presentation\screens\smart_coach_screen.dart:436:19 - creation_with_non_type
  error - The method 'TextStyle' isn't defined for the type '_SmartCoachScreenState' - lib\features\ai\presentation\screens\smart_coach_screen.dart:436:61 - undefined_method
  error - Undefined name 'FontWeight' - lib\features\ai\presentation\screens\smart_coach_screen.dart:436:97 - undefined_identifier
  error - Undefined name 'AppTheme' - lib\features\ai\presentation\screens\smart_coach_screen.dart:436:121 - undefined_identifier
  error - The name 'SizedBox' isn't a class - lib\features\ai\presentation\screens\smart_coach_screen.dart:437:19 - creation_with_non_type
  error - The name 'Text' isn't a class - lib\features\ai\presentation\screens\smart_coach_screen.dart:438:19 - creation_with_non_type
  error - The method 'TextStyle' isn't defined for the type '_SmartCoachScreenState' - lib\features\ai\presentation\screens\smart_coach_screen.dart:438:96 - undefined_method
  error - Undefined name 'Colors' - lib\features\ai\presentation\screens\smart_coach_screen.dart:438:113 - undefined_identifier
  error - The name 'SizedBox' isn't a class - lib\features\ai\presentation\screens\smart_coach_screen.dart:439:19 - creation_with_non_type
  error - The name 'TextField' isn't a class - lib\features\ai\presentation\screens\smart_coach_screen.dart:440:19 - creation_with_non_type
  error - Undefined name 'TextInputType' - lib\features\ai\presentation\screens\smart_coach_screen.dart:441:29 - undefined_identifier
  error - The method 'InputDecoration' isn't defined for the type '_SmartCoachScreenState' - lib\features\ai\presentation\screens\smart_coach_screen.dart:442:27 - undefined_method
  error - The method 'OutlineInputBorder' isn't defined for the type '_SmartCoachScreenState' - lib\features\ai\presentation\screens\smart_coach_screen.dart:444:25 - undefined_method
  error - The method 'Icon' isn't defined for the type '_SmartCoachScreenState' - lib\features\ai\presentation\screens\smart_coach_screen.dart:445:29 - undefined_method
  error - Undefined name 'Icons' - lib\features\ai\presentation\screens\smart_coach_screen.dart:445:34 - undefined_identifier
  error - The name 'SizedBox' isn't a class - lib\features\ai\presentation\screens\smart_coach_screen.dart:448:19 - creation_with_non_type
  error - The name 'TextField' isn't a class - lib\features\ai\presentation\screens\smart_coach_screen.dart:449:19 - creation_with_non_type
  error - Undefined name 'TextInputType' - lib\features\ai\presentation\screens\smart_coach_screen.dart:450:29 - undefined_identifier
  error - The method 'InputDecoration' isn't defined for the type '_SmartCoachScreenState' - lib\features\ai\presentation\screens\smart_coach_screen.dart:451:27 - undefined_method
  error - The method 'OutlineInputBorder' isn't defined for the type '_SmartCoachScreenState' - lib\features\ai\presentation\screens\smart_coach_screen.dart:453:25 - undefined_method
  error - The method 'Icon' isn't defined for the type '_SmartCoachScreenState' - lib\features\ai\presentation\screens\smart_coach_screen.dart:454:29 - undefined_method
  error - Undefined name 'Icons' - lib\features\ai\presentation\screens\smart_coach_screen.dart:454:34 - undefined_identifier
  error - The name 'Spacer' isn't a class - lib\features\ai\presentation\screens\smart_coach_screen.dart:457:19 - creation_with_non_type
  error - The method 'SizedBox' isn't defined for the type '_SmartCoachScreenState' - lib\features\ai\presentation\screens\smart_coach_screen.dart:458:13 - undefined_method
  error - The method 'ElevatedButton' isn't defined for the type '_SmartCoachScreenState' - lib\features\ai\presentation\screens\smart_coach_screen.dart:460:22 - undefined_method
  error - Undefined name 'ElevatedButton' - lib\features\ai\presentation\screens\smart_coach_screen.dart:461:24 - undefined_identifier
  error - Undefined name 'AppTheme' - lib\features\ai\presentation\screens\smart_coach_screen.dart:461:66 - undefined_identifier
  error - Undefined name 'EdgeInsets' - lib\features\ai\presentation\screens\smart_coach_screen.dart:461:102 - undefined_identifier
  error - Undefined name 'Navigator' - lib\features\ai\presentation\screens\smart_coach_screen.dart:463:19 - undefined_identifier
  error - The name 'Text' isn't a class - lib\features\ai\presentation\screens\smart_coach_screen.dart:466:30 - creation_with_non_type
  error - Undefined class 'Widget' - lib\features\ai\presentation\screens\smart_coach_screen.dart:475:3 - undefined_class
  error - The method 'ActionChip' isn't defined for the type '_SmartCoachScreenState' - lib\features\ai\presentation\screens\smart_coach_screen.dart:476:12 - undefined_method
  error - The method 'Text' isn't defined for the type '_SmartCoachScreenState' - lib\features\ai\presentation\screens\smart_coach_screen.dart:477:14 - undefined_method
  error - The name 'TextStyle' isn't a class - lib\features\ai\presentation\screens\smart_coach_screen.dart:477:38 - creation_with_non_type
  error - Undefined name 'AppTheme' - lib\features\ai\presentation\screens\smart_coach_screen.dart:477:69 - undefined_identifier
  error - Undefined name 'AppTheme' - lib\features\ai\presentation\screens\smart_coach_screen.dart:478:24 - undefined_identifier
  error - Undefined name 'BorderSide' - lib\features\ai\presentation\screens\smart_coach_screen.dart:479:13 - undefined_identifier
  error - The method 'RoundedRectangleBorder' isn't defined for the type '_SmartCoachScreenState' - lib\features\ai\presentation\screens\smart_coach_screen.dart:480:14 - undefined_method
  error - Undefined name 'BorderRadius' - lib\features\ai\presentation\screens\smart_coach_screen.dart:480:51 - undefined_identifier
   info - 'withOpacity' is deprecated and shouldn't be used. Use .withValues() to avoid precision loss - lib\features\ai\presentation\widgets\audio_visualizer.dart:61:75 - deprecated_member_use
warning - Unused import: 'dart:math' - lib\features\ai\presentation\widgets\pulsating_mic_button.dart:2:8 - unused_import
   info - 'withOpacity' is deprecated and shouldn't be used. Use .withValues() to avoid precision loss - lib\features\ai\presentation\widgets\pulsating_mic_button.dart:64:54 - deprecated_member_use
   info - 'scale' is deprecated and shouldn't be used. Use scaleByVector3, scaleByVector4, or scaleByDouble instead - lib\features\ai\presentation\widgets\pulsating_mic_button.dart:68:52 - deprecated_member_use
   info - 'withOpacity' is deprecated and shouldn't be used. Use .withValues() to avoid precision loss - lib\features\ai\presentation\widgets\pulsating_mic_button.dart:81:84 - deprecated_member_use
   info - 'withOpacity' is deprecated and shouldn't be used. Use .withValues() to avoid precision loss - lib\features\ai\presentation\widgets\voice_consent_dialog.dart:34:44 - deprecated_member_use
warning - The declaration '_buildBiometricButton' isn't referenced - lib\features\auth\presentation\screens\auth_screen.dart:218:10 - unused_element
   info - 'withOpacity' is deprecated and shouldn't be used. Use .withValues() to avoid precision loss - lib\features\dashboard\presentation\screens\dashboard_screen.dart:161:63 - deprecated_member_use
  error - The returned type 'SmartCoachScreen' isn't returnable from a 'Widget' function, as required by the closure's context - lib\features\dashboard\presentation\screens\dashboard_screen.dart:208:65 - return_of_invalid_type_from_closure
warning - The value of the local variable 'l10n' isn't used - lib\features\dashboard\presentation\screens\dashboard_screen.dart:213:11 - unused_local_variable
  error - The returned type 'SmartCoachScreen' isn't returnable from a 'Widget' function, as required by the closure's context - lib\features\dashboard\presentation\screens\dashboard_screen.dart:242:29 - return_of_invalid_type_from_closure
  error - Undefined name 'l10n' - lib\features\dashboard\presentation\screens\dashboard_screen.dart:284:40 - undefined_identifier
  error - Undefined name 'l10n' - lib\features\dashboard\presentation\screens\dashboard_screen.dart:285:40 - undefined_identifier
  error - Undefined name 'l10n' - lib\features\dashboard\presentation\screens\dashboard_screen.dart:287:40 - undefined_identifier
  error - Undefined name 'l10n' - lib\features\dashboard\presentation\screens\dashboard_screen.dart:303:41 - undefined_identifier
  error - Invalid constant value - lib\features\dashboard\presentation\screens\dashboard_screen.dart:321:26 - invalid_constant
  error - Undefined name 'l10n' - lib\features\dashboard\presentation\screens\dashboard_screen.dart:321:26 - undefined_identifier
   info - Unnecessary 'const' keyword - lib\features\dashboard\presentation\screens\dashboard_screen.dart:321:65 - unnecessary_const
  error - Undefined name 'l10n' - lib\features\dashboard\presentation\screens\dashboard_screen.dart:333:33 - undefined_identifier
warning - The declaration '_buildHeader' isn't referenced - lib\features\dashboard\presentation\screens\dashboard_screen.dart:458:10 - unused_element
warning - The declaration '_buildBalanceCard' isn't referenced - lib\features\dashboard\presentation\screens\dashboard_screen.dart:533:10 - unused_element
warning - The declaration '_buildNextPaymentCard' isn't referenced - lib\features\dashboard\presentation\screens\dashboard_screen.dart:605:10 - unused_element
   info - Invalid use of a private type in a public API - lib\features\dashboard\presentation\screens\dashboard_screen.dart:984:38 - library_private_types_in_public_api
   info - Don't use 'BuildContext's across async gaps - lib\features\kyc\presentation\screens\identity_verification_screen.dart:47:72 - use_build_context_synchronously
   info - Don't invoke 'print' in production code - lib\features\payments\data\payment_service.dart:14:5 - avoid_print
   info - Don't invoke 'print' in production code - lib\features\payments\data\payment_service.dart:17:5 - avoid_print
   info - Don't invoke 'print' in production code - lib\features\payments\data\payment_service.dart:22:5 - avoid_print
   info - Don't invoke 'print' in production code - lib\features\payments\data\payment_service.dart:31:5 - avoid_print
   info - Don't invoke 'print' in production code - lib\features\payments\data\payment_service.dart:35:7 - avoid_print
   info - Don't invoke 'print' in production code - lib\features\payments\data\payment_service.dart:40:5 - avoid_print
   info - 'groupValue' is deprecated and shouldn't be used. Use a RadioGroup ancestor to manage group value instead. This feature was deprecated after v3.32.0-0.0.pre - lib\features\referral\presentation\screens\referral_screen.dart:200:34 - deprecated_member_use
   info - 'onChanged' is deprecated and shouldn't be used. Use RadioGroup to handle value change instead. This feature was deprecated after v3.32.0-0.0.pre - lib\features\referral\presentation\screens\referral_screen.dart:200:52 - deprecated_member_use
warning - Unused import: 'package:tontetic/core/constants/legal_texts.dart' - lib\features\settings\presentation\screens\legal_documents_screen.dart:2:8 - unused_import
   info - 'groupValue' is deprecated and shouldn't be used. Use a RadioGroup ancestor to manage group value instead. This feature was deprecated after v3.32.0-0.0.pre - lib\features\settings\presentation\screens\settings_screen.dart:104:19 - deprecated_member_use
   info - 'onChanged' is deprecated and shouldn't be used. Use RadioGroup to handle value change instead. This feature was deprecated after v3.32.0-0.0.pre - lib\features\settings\presentation\screens\settings_screen.dart:105:19 - deprecated_member_use
   info - 'groupValue' is deprecated and shouldn't be used. Use a RadioGroup ancestor to manage group value instead. This feature was deprecated after v3.32.0-0.0.pre - lib\features\settings\presentation\screens\settings_screen.dart:112:19 - deprecated_member_use
   info - 'onChanged' is deprecated and shouldn't be used. Use RadioGroup to handle value change instead. This feature was deprecated after v3.32.0-0.0.pre - lib\features\settings\presentation\screens\settings_screen.dart:113:19 - deprecated_member_use
   info - Unnecessary use of multiple underscores - lib\features\settings\presentation\screens\settings_screen.dart:606:41 - unnecessary_underscores
warning - The value of the local variable 'currency' isn't used - lib\features\subscription\presentation\screens\subscription_selection_screen.dart:13:11 - unused_local_variable
   info - 'groupValue' is deprecated and shouldn't be used. Use a RadioGroup ancestor to manage group value instead. This feature was deprecated after v3.32.0-0.0.pre - lib\features\tontine\presentation\screens\circle_details_screen.dart:258:15 - deprecated_member_use
   info - 'onChanged' is deprecated and shouldn't be used. Use RadioGroup to handle value change instead. This feature was deprecated after v3.32.0-0.0.pre - lib\features\tontine\presentation\screens\circle_details_screen.dart:259:15 - deprecated_member_use
   info - 'groupValue' is deprecated and shouldn't be used. Use a RadioGroup ancestor to manage group value instead. This feature was deprecated after v3.32.0-0.0.pre - lib\features\tontine\presentation\screens\circle_details_screen.dart:265:15 - deprecated_member_use
   info - 'onChanged' is deprecated and shouldn't be used. Use RadioGroup to handle value change instead. This feature was deprecated after v3.32.0-0.0.pre - lib\features\tontine\presentation\screens\circle_details_screen.dart:266:15 - deprecated_member_use
warning - Unused import: 'package:tontetic/features/payments/guarantee/data/guarantee_service.dart' - lib\features\tontine\presentation\screens\create_tontine_screen.dart:9:8 - unused_import
   info - The variable name '_buildStep_Invites' isn't a lowerCamelCase identifier - lib\features\tontine\presentation\screens\create_tontine_screen.dart:90:8 - non_constant_identifier_names
   info - 'activeColor' is deprecated and shouldn't be used. Use activeThumbColor instead. This feature was deprecated after v3.31.0-2.0.pre - lib\features\tontine\presentation\screens\create_tontine_screen.dart:137:13 - deprecated_member_use
warning - The value of the local variable 'requiresAdminForParticipants' isn't used - lib\features\tontine\presentation\screens\create_tontine_screen.dart:205:10 - unused_local_variable
warning - The value of the local variable 'canCreate' isn't used - lib\features\tontine\presentation\screens\create_tontine_screen.dart:208:10 - unused_local_variable
warning - The value of the local variable 'onPressed' isn't used - lib\features\tontine\presentation\screens\create_tontine_screen.dart:239:19 - unused_local_variable
   info - 'value' is deprecated and shouldn't be used. Use initialValue instead. This will set the initial value for the form field. This feature was deprecated after v3.33.0-1.0.pre - lib\features\tontine\presentation\screens\create_tontine_screen.dart:357:13 - deprecated_member_use
   info - 'groupValue' is deprecated and shouldn't be used. Use a RadioGroup ancestor to manage group value instead. This feature was deprecated after v3.32.0-0.0.pre - lib\features\tontine\presentation\screens\create_tontine_screen.dart:416:11 - deprecated_member_use
   info - 'onChanged' is deprecated and shouldn't be used. Use RadioGroup to handle value change instead. This feature was deprecated after v3.32.0-0.0.pre - lib\features\tontine\presentation\screens\create_tontine_screen.dart:417:11 - deprecated_member_use
   info - 'groupValue' is deprecated and shouldn't be used. Use a RadioGroup ancestor to manage group value instead. This feature was deprecated after v3.32.0-0.0.pre - lib\features\tontine\presentation\screens\create_tontine_screen.dart:423:11 - deprecated_member_use
   info - 'onChanged' is deprecated and shouldn't be used. Use RadioGroup to handle value change instead. This feature was deprecated after v3.32.0-0.0.pre - lib\features\tontine\presentation\screens\create_tontine_screen.dart:424:11 - deprecated_member_use
   info - The variable name '_buildStep4_Guarantee' isn't a lowerCamelCase identifier - lib\features\tontine\presentation\screens\create_tontine_screen.dart:430:8 - non_constant_identifier_names
   info - The variable name '_buildStep5_Final' isn't a lowerCamelCase identifier - lib\features\tontine\presentation\screens\create_tontine_screen.dart:475:8 - non_constant_identifier_names
   info - 'activeColor' is deprecated and shouldn't be used. Use activeThumbColor instead. This feature was deprecated after v3.31.0-2.0.pre - lib\features\tontine\presentation\screens\create_tontine_screen.dart:514:20 - deprecated_member_use
   info - Statements in an if should be enclosed in a block - lib\features\tontine\presentation\screens\create_tontine_screen.dart:562:27 - curly_braces_in_flow_control_structures
   info - Statements in an if should be enclosed in a block - lib\features\tontine\presentation\screens\create_tontine_screen.dart:563:10 - curly_braces_in_flow_control_structures
warning - Unused import: 'package:tontetic/core/providers/user_provider.dart' - lib\features\tontine\presentation\screens\explorer_screen.dart:3:8 - unused_import
warning - Unused import: 'package:tontetic/features/tontine/presentation/screens/legal_commitment_screen.dart' - lib\features\tontine\presentation\screens\explorer_screen.dart:6:8 - unused_import
warning - Unused import: 'package:tontetic/features/tontine/presentation/widgets/sponsored_badge.dart' - lib\features\tontine\presentation\screens\explorer_screen.dart:8:8 - unused_import
warning - Unused import: 'package:intl/intl.dart' - lib\features\tontine\presentation\screens\legal_commitment_screen.dart:9:8 - unused_import
warning - The value of the local variable 'isSubscriber' isn't used - lib\features\tontine\presentation\screens\legal_commitment_screen.dart:54:11 - unused_local_variable
   info - Unnecessary use of multiple underscores - lib\features\tontine\presentation\screens\my_circles_screen.dart:439:37 - unnecessary_underscores
warning - The value of the local variable 'user' isn't used - lib\features\tontine\presentation\screens\my_circles_screen.dart:687:11 - unused_local_variable
   info - Unnecessary use of string interpolation - lib\features\tontine\presentation\screens\my_circles_screen.dart:781:23 - unnecessary_string_interpolations
   info - Unnecessary braces in a string interpolation - lib\features\tontine\presentation\screens\tontine_simulator_screen.dart:72:54 - unnecessary_brace_in_string_interps
   info - 'value' is deprecated and shouldn't be used. Use initialValue instead. This will set the initial value for the form field. This feature was deprecated after v3.33.0-1.0.pre - lib\features\tontine\presentation\screens\tontine_simulator_screen.dart:177:15 - deprecated_member_use
warning - Unused import: 'package:tontetic/features/advertising/presentation/screens/merchant_dashboard_screen.dart' - lib\features\tontine\presentation\screens\user_profile_screen.dart:8:8 - unused_import
   info - Statements in an if should be enclosed in a block - lib\features\tontine\presentation\screens\user_profile_screen.dart:57:31 - curly_braces_in_flow_control_structures
   info - Statements in an if should be enclosed in a block - lib\features\tontine\presentation\screens\user_profile_screen.dart:58:20 - curly_braces_in_flow_control_structures
   info - 'groupValue' is deprecated and shouldn't be used. Use a RadioGroup ancestor to manage group value instead. This feature was deprecated after v3.32.0-0.0.pre - lib\features\tontine\presentation\screens\user_profile_screen.dart:212:21 - deprecated_member_use
   info - 'onChanged' is deprecated and shouldn't be used. Use RadioGroup to handle value change instead. This feature was deprecated after v3.32.0-0.0.pre - lib\features\tontine\presentation\screens\user_profile_screen.dart:214:21 - deprecated_member_use
   info - 'groupValue' is deprecated and shouldn't be used. Use a RadioGroup ancestor to manage group value instead. This feature was deprecated after v3.32.0-0.0.pre - lib\features\tontine\presentation\screens\user_profile_screen.dart:220:21 - deprecated_member_use
   info - 'onChanged' is deprecated and shouldn't be used. Use RadioGroup to handle value change instead. This feature was deprecated after v3.32.0-0.0.pre - lib\features\tontine\presentation\screens\user_profile_screen.dart:222:21 - deprecated_member_use

flutter : 487 issues found. (ran in 5.5s)
Au caractère Ligne:1 : 1
+ flutter analyze --no-pub > errors.txt 2>&1
+ ~~~~~~~~~~~~~~~~~~~~~~~~~~~~~~~~~~~~~~~~~~
    + CategoryInfo          : NotSpecified: (487 issues found. (ran in 5.5s):String) [], RemoteException
    + FullyQualifiedErrorId : NativeCommandError
 
